---
source: numbat/tests/prelude_and_examples.rs
expression: output
input_file: examples/typecheck_error/variable_definition.nbt
---
error: while type checking
  ┌─ <internal:3>:1:8
  │
1 │ let x: Length = 2 second
  │     -  ^^^^^^   ^^^^^^^^ Time
  │     │  │         
  │     │  Length
  │     incompatible dimensions in variable definition
  │
  = specified dimension: Length
       actual dimension: Time
